\BOOKMARK [1][-]{section.1}{\376\377\176\352\213\272}{}% 1
\BOOKMARK [2][-]{subsection.1.1}{\376\377\230\171\166\356\200\314\146\157\060\001\123\321\134\125\163\260\162\266\123\312\141\017\116\111\124\214\166\356\150\007\166\204\164\006\211\343}{section.1}% 2
\BOOKMARK [2][-]{subsection.1.2}{\376\377\230\171\166\356\133\236\145\275\142\200\147\057\215\357\176\277\123\312\145\271\150\110}{section.1}% 3
\BOOKMARK [1][-]{section.2}{\376\377\145\160\143\156\156\220\116\016\117\341\140\157\203\267\123\326}{}% 4
\BOOKMARK [2][-]{subsection.2.1}{\376\377\230\206\127\337\145\160\143\156\156\220\150\263\164\006}{section.2}% 5
\BOOKMARK [2][-]{subsection.2.2}{\376\377\121\163\225\056\117\341\140\157\203\267\123\326\145\271\154\325}{section.2}% 6
\BOOKMARK [3][-]{subsubsection.2.2.1}{\376\377\227\142\124\021\000\040\000P\000D\000F\000\040\145\207\163\056\166\204\145\207\147\054\143\320\123\326\145\271\154\325}{subsection.2.2}% 7
\BOOKMARK [3][-]{subsubsection.2.2.2}{\376\377\127\372\116\216\147\057\213\355\116\016\211\304\122\031\207\215\124\010\166\204\145\160\143\156\230\204\131\004\164\006\145\271\154\325}{subsection.2.2}% 8
\BOOKMARK [3][-]{subsubsection.2.2.3}{\376\377\122\051\165\050\176\337\213\241\145\271\154\325\116\016\131\047\152\041\127\213\133\236\163\260\121\163\225\056\117\341\140\157\142\275\123\326}{subsection.2.2}% 9
\BOOKMARK [2][-]{subsection.2.3}{\376\377\127\372\116\216\211\304\122\031\176\246\147\137\166\204\167\345\213\306\142\275\123\326\145\271\154\325}{section.2}% 10
\BOOKMARK [1][-]{section.3}{\376\377\133\236\117\123\174\173\127\213\116\016\220\073\217\221\121\163\174\373}{}% 11
\BOOKMARK [2][-]{subsection.3.1}{\376\377\230\206\127\337\133\236\117\123\174\173\127\213\213\276\213\241}{section.3}% 12
\BOOKMARK [2][-]{subsection.3.2}{\376\377\121\163\174\373\174\173\127\213\213\276\213\241\116\016\213\355\116\111\176\246\147\137}{section.3}% 13
\BOOKMARK [2][-]{subsection.3.3}{\376\377\147\057\213\355\137\122\116\000\123\026\116\016\122\053\124\015\146\040\134\004\147\072\122\066}{section.3}% 14
\BOOKMARK [1][-]{section.4}{\376\377\167\345\213\306\126\376\214\061\147\204\136\372\116\016\174\373\176\337\133\236\163\260}{}% 15
\BOOKMARK [2][-]{subsection.4.1}{\376\377\167\345\213\306\126\376\214\061\140\073\117\123\147\266\147\204\213\276\213\241}{section.4}% 16
\BOOKMARK [2][-]{subsection.4.2}{\376\377\133\236\117\123\142\275\123\326\116\016\121\163\174\373\142\275\123\326\133\236\163\260}{section.4}% 17
\BOOKMARK [2][-]{subsection.4.3}{\376\377\126\376\214\061\145\160\143\156\133\374\121\372\116\016\133\130\120\250}{section.4}% 18
\BOOKMARK [2][-]{subsection.4.4}{\376\377\167\345\213\306\126\376\214\061\123\357\211\306\123\026\174\373\176\337\133\236\163\260}{section.4}% 19
\BOOKMARK [1][-]{section.5}{\376\377\133\236\232\214\213\304\117\060\116\016\176\323\147\234\122\006\147\220}{}% 20
\BOOKMARK [2][-]{subsection.5.1}{\376\377\213\304\117\060\155\101\172\013\213\276\213\241}{section.5}% 21
\BOOKMARK [2][-]{subsection.5.2}{\376\377\176\323\147\234\211\304\152\041\116\016\176\337\213\241\122\006\147\220}{section.5}% 22
\BOOKMARK [2][-]{subsection.5.3}{\376\377\173\227\154\325\213\304\117\060\176\323\213\272}{section.5}% 23
\BOOKMARK [2][-]{subsection.5.4}{\376\377\213\357\135\356\147\145\156\220\116\016\213\250\213\272}{section.5}% 24
\BOOKMARK [1][-]{section.6}{\376\377\230\171\166\356\133\236\215\365\145\066\203\267}{}% 25
\BOOKMARK [2][-]{subsection.6.1}{\376\377\230\171\166\356\133\236\215\365\145\066\203\267}{section.6}% 26
\BOOKMARK [2][-]{subsection.6.2}{\376\377\230\171\166\356\162\171\202\162\116\016\122\033\145\260\160\271}{section.6}% 27
\BOOKMARK [2][-]{subsection.6.3}{\376\377\230\171\166\356\116\015\215\263\116\016\145\071\217\333\145\271\124\021}{section.6}% 28
\BOOKMARK [2][-]{subsection.6.4}{\376\377\140\073\176\323}{section.6}% 29
\BOOKMARK [1][-]{section.7}{\376\377\201\364\214\042}{}% 30
